---- STEP 2: API HEALTH CHECK ----
Γ£à GET /health - Status: 200
\n-- Auth Flow --
Γ¥î POST /auth/signup - Status: 409 - Error: {"success":false,"error":"An account with this email already exists."}
Γ£à POST /auth/login - Status: 200
\n-- Category Flow --
Γ£à GET /categories - Status: 200
Γ£à POST /categories - Status: 201
\n-- Product Flow --
Γ£à GET /products - Status: 200
Γ£à POST /products - Status: 201
\n-- Floors Flow --
Γ£à GET /floors - Status: 200
\n-- Order Flow --
Γ£à GET /orders - Status: 200
Γ¥î POST /orders - Status: 400 - Error: {"success":false,"error":"sessionId is required."}
\n-- Payment Flow --
Skipping payment because order was not created.
Γ¥î POST /payments - Status: 400 - Error: {"success":false,"error":"orderId, paymentMethodId, and amount are required."}
\n-- Report Flow --
Γ£à GET /reports/dashboard - Status: 200
